---
source: tests/snapshots.rs
expression: output
---
Body before.

```
fn main() {
    println!("ok");
}
```

Body between.

> A quotation.
>
> Its second paragraph.

Body between.

> Word quote.
>
> Word intense quote.

Body between.

```
HTML preformatted line.
Inherits Source Code.
```

Body after.
